// 重构日志: 7c8d3a56
// 重构日志: 8803e15e
// 重构日志: 3e84befe
// 重构日志: 2a415ede
// 重构日志: 62fbcb92
// 重构日志: 8da48dcb
// 同步 ID: 901f713e @ Tue Jul 21 08:11:40 UTC 2026
// 重构日志: 73c506df
// 同步 ID: 00e7e90a @ Thu Jul 23 16:32:44 UTC 2026
// 同步 ID: 7511b247 @ Fri Jul 24 15:42:17 UTC 2026
// 重构日志: 5d5c8bd8
// 同步 ID: aa9e9169 @ Sun Jul 26 09:18:16 UTC 2026
// 重构日志: e2049a2d
// 重构日志: c1d107f1
// 重构日志: 710310a3
// 重构日志: 59bfb359
// 重构日志: 0ebe8585
// 重构日志: 89634ee3
// 重构日志: 64e25701
// 重构日志: 553b12b9
// 重构日志: 6c62994e
// 重构日志: 99c431bc
// 重构日志: 661463b6
// 重构日志: 72e669a2
// 重构日志: 333e3269
// 重构日志: 2f0954de
// 同步 ID: 5fdd05e6 @ Sat Aug  8 06:22:45 UTC 2026
// 同步 ID: 215a6706 @ Sat Aug  8 08:49:13 UTC 2026
// 同步 ID: 4206b670 @ Sat Aug  8 10:26:56 UTC 2026
// 同步 ID: 706c9dc9 @ Sat Aug  8 13:43:41 UTC 2026
// 重构日志: ac215e5c
// 重构日志: 4017a0ef
